\BOOKMARK [1][-]{section.1}{\376\377\000I\000n\000t\000r\000o\000d\000u\000c\000t\000i\000o\000n}{}% 1
\BOOKMARK [2][-]{subsection.1.1}{\376\377\000C\000o\000n\000d\000i\000t\000i\000o\000n\000s\000\040\000d\000'\000e\000x\000p\000\351\000r\000i\000m\000e\000n\000t\000a\000t\000i\000o\000n}{section.1}% 2
\BOOKMARK [1][-]{section.2}{\376\377\000D\000i\000s\000t\000r\000i\000b\000u\000t\000i\000o\000n\000\040\000u\000n\000i\000f\000o\000r\000m\000e\000\040\000d\000i\000s\000c\000r\000\350\000t\000e}{}% 3
\BOOKMARK [2][-]{subsection.2.1}{\376\377\000D\000e\000s\000c\000r\000i\000p\000t\000i\000o\000n}{section.2}% 4
\BOOKMARK [2][-]{subsection.2.2}{\376\377\000P\000a\000r\000a\000m\000\350\000t\000r\000e\000s}{section.2}% 5
\BOOKMARK [2][-]{subsection.2.3}{\376\377\000R\000\351\000s\000u\000l\000t\000a\000t\000s}{section.2}% 6
\BOOKMARK [2][-]{subsection.2.4}{\376\377\000A\000n\000a\000l\000y\000s\000e\000s}{section.2}% 7
\BOOKMARK [1][-]{section.3}{\376\377\000D\000i\000s\000t\000r\000i\000b\000u\000t\000i\000o\000n\000\040\000u\000n\000i\000f\000o\000r\000m\000e\000\040\000c\000o\000n\000t\000i\000n\000u\000e}{}% 8
\BOOKMARK [2][-]{subsection.3.1}{\376\377\000D\000e\000s\000c\000r\000i\000p\000t\000i\000o\000n}{section.3}% 9
\BOOKMARK [2][-]{subsection.3.2}{\376\377\000P\000a\000r\000a\000m\000\350\000t\000r\000e\000s}{section.3}% 10
\BOOKMARK [2][-]{subsection.3.3}{\376\377\000R\000\351\000s\000u\000l\000t\000a\000t\000s}{section.3}% 11
\BOOKMARK [2][-]{subsection.3.4}{\376\377\000A\000n\000a\000l\000y\000s\000e\000s}{section.3}% 12
\BOOKMARK [1][-]{section.4}{\376\377\000D\000i\000s\000t\000r\000i\000b\000u\000t\000i\000o\000n\000\040\000e\000x\000p\000o\000n\000e\000n\000t\000i\000e\000l\000l\000e}{}% 13
\BOOKMARK [2][-]{subsection.4.1}{\376\377\000D\000e\000s\000c\000r\000i\000p\000t\000i\000o\000n}{section.4}% 14
\BOOKMARK [2][-]{subsection.4.2}{\376\377\000P\000a\000r\000a\000m\000\350\000t\000r\000e\000s}{section.4}% 15
\BOOKMARK [2][-]{subsection.4.3}{\376\377\000R\000\351\000s\000u\000l\000t\000a\000t\000s}{section.4}% 16
\BOOKMARK [2][-]{subsection.4.4}{\376\377\000A\000n\000a\000l\000y\000s\000e\000s}{section.4}% 17
\BOOKMARK [1][-]{section.5}{\376\377\000D\000i\000s\000t\000r\000i\000b\000u\000t\000i\000o\000n\000\040\000n\000o\000r\000m\000a\000l\000e}{}% 18
\BOOKMARK [2][-]{subsection.5.1}{\376\377\000D\000e\000s\000c\000r\000i\000p\000t\000i\000o\000n}{section.5}% 19
\BOOKMARK [2][-]{subsection.5.2}{\376\377\000P\000a\000r\000a\000m\000\350\000t\000r\000e\000s}{section.5}% 20
\BOOKMARK [2][-]{subsection.5.3}{\376\377\000R\000\351\000s\000u\000l\000t\000a\000t\000s}{section.5}% 21
\BOOKMARK [2][-]{subsection.5.4}{\376\377\000A\000n\000a\000l\000y\000s\000e\000s}{section.5}% 22
\BOOKMARK [1][-]{section.6}{\376\377\000D\000i\000s\000t\000r\000i\000b\000u\000t\000i\000o\000n\000\040\000b\000i\000n\000o\000m\000i\000a\000l\000e}{}% 23
\BOOKMARK [2][-]{subsection.6.1}{\376\377\000D\000e\000s\000c\000r\000i\000p\000t\000i\000o\000n}{section.6}% 24
\BOOKMARK [2][-]{subsection.6.2}{\376\377\000P\000a\000r\000a\000m\000\350\000t\000r\000e\000s}{section.6}% 25
\BOOKMARK [2][-]{subsection.6.3}{\376\377\000R\000\351\000s\000u\000l\000t\000a\000t\000s}{section.6}% 26
\BOOKMARK [2][-]{subsection.6.4}{\376\377\000A\000n\000a\000l\000y\000s\000e\000s}{section.6}% 27
\BOOKMARK [1][-]{section.7}{\376\377\000C\000o\000n\000c\000l\000u\000s\000i\000o\000n}{}% 28
